40 BladeMasterMastery a 1 
72 LongRangeMastary a 2 
75 QuickDraw c 0 
86 ElementReach a 12 
104 ChainCast a 6 
107 PowerWave a 5 
115 RapidCharge a 3 
144 MindimageSenju a 6 
165 PhysicalGuard a 1 
166 MirageStep a 3 
193 ActDead c 0 
199 LeewayBattle b 1 []
201 CoolBattlePlan b 1 []
225 FirstAidMastary c 0 
262 GuardStrike a 2 
289 KnifeMastery c 0 
293 DoubleThrow a 2 
294 ThreateningThorwArts a 8 
296 SecondArm a 3 
297 IntenseKnife a 3 
298 MailBreaker a 2 
450 CaptureTechnicI a 2 
451 GoodTame c 0 
453 CaptureTechnicII a 2 
454 CarefulCapture c 0 
484 HeavyBlow a 2 
485 Concentration a 1 
488 DesperateResistance a 6 
493 ThePursuitOfPursuit a 3 
495 SuperGrip a 2 
515 Parry a 1 
524 KnightHeal a 4 
525 AfterShield b 5 []
560 HuntersKnowledge a 4 
578 LancerTypeImproved a 3 
579 ShieldTypeImproved a 2 
580 BusterTypeImproved a 3 
581 AttackPerformanceImprovement a 2 
582 ShieldPerformanceImprovement a 1 
583 SpeedPerformanceImprovement a 1 
613 WeaponInBothHands b 12 ['Atk', 'Critical', 'CriticalMagic', 'EqAtk', 'Hit', 'Matk', 'Stable']
619 Shukuchi a 7 
626 UnannouncedDestination a 7 
627 Inflexibility c 0 
628 Mizukaze a 5 
631 IchijhinnokazeAratame a 12 
657 ArkSaber a 8 
706 RushAidMastery a 1 
719 EnhanceSprite a 4 
720 Retake c 0 
777 SoundVeil a 2 
778 BattleNotes a 4 
837 BlessStrengthen a 1 
845 AspisSeoul a 2 
846 SacredTeachings a 2 
871 EnchantedSpell a 3 
877 DrainRecall a 2 
930 PetHpUp a 1 
932 PetHide a 1 
950 PetProtect a 1 
952 PetMpUp a 1 
978 GodSpearHandlingMastary a 20 
979 TornadoLanceMastary a 5 
998 Abandonment a 3 
999 Seekerius a 3 
1002 CorrosivePoison a 1 
1005 AssassinationSecrets a 2 
1007 PoisonMixer a 5 
1036 MagicalGuidance a 1 
1037 CatsDropItem a 1 
1038 MagicResearch a 6 
1089 BarehandMastery b 12 []
1094 CollectQigongExtreme b 2 []
1095 FuriousEffortsExtreme a 8 
1096 StormAndUrgeExtreme a 3 
1097 CollisionOfFightingSpirit a 3 
1099 Revival a 3 
1124 GoodQualityShovel a 2 
1128 Harvest c 0 
1132 MatchPump c 0 
1161 GodRigidBodyMastery a 7 
81 {'a': 65, 'b': 6, 'c': 10}
